// Jest Snapshot v1, https://goo.gl/fbAQLP

exports[`CharacterCard.vue Snapshot test 1`] = `
<div class="card"><img class="card__img">
  <div class="card__info"><span class="name"> </span> <span class="species">  </span></div>
</div>
`;
