// Jest Snapshot v1, https://goo.gl/fbAQLP

exports[`ContentCard.vue Snapshot test 1`] = `<div class="card"><span class="card__title"></span> <span class="card__subtitle"></span> <span class="card__extra"></span></div>`;
