// Jest Snapshot v1, https://goo.gl/fbAQLP

exports[`ActionButton.vue Snapshot test 1`] = `
<label class="wrapper">
  <!----> <button class="button">
    label
  </button>
</label>
`;
